// Jest Snapshot v1, https://goo.gl/fbAQLP

exports[`snapshot 1`] = `
<footer
  className="footer css-x5faea"
>
  <ul
    className="footer__links"
  >
    <li
      className="footer__link"
    >
      <a
        aria-current="page"
        className="css-1bdxinm"
        href="/"
        onClick={[Function]}
      >
        footer link 1
      </a>
    </li>
    <li
      className="footer__link"
    >
      <a
        aria-current="page"
        className="css-1bdxinm"
        href="/"
        onClick={[Function]}
      >
        footer link 2
      </a>
    </li>
    <li
      className="footer__link"
    >
      <a
        aria-current="page"
        className="css-1bdxinm"
        href="/"
        onClick={[Function]}
      >
        footer link 3
      </a>
    </li>
  </ul>
</footer>
`;
